<?xml version="1.0"?>
<link_info>
   <banner>TI ARM Linker PC v5.2.9</banner>
   <copyright>Copyright (c) 1996-2017 Texas Instruments Incorporated</copyright>
   <link_time>0x5de9feed</link_time>
   <link_errors>0x0</link_errors>
   <output_file>mqtt_client.out</output_file>
   <entry_point>
      <name>_c_int00</name>
      <address>0x200145a9</address>
   </entry_point>
   <input_file_list>
      <input_file id="fl-2">
         <path>.\</path>
         <kind>object</kind>
         <file>Adafruit_GFX.obj</file>
         <name>Adafruit_GFX.obj</name>
      </input_file>
      <input_file id="fl-3">
         <path>.\</path>
         <kind>object</kind>
         <file>Adafruit_OLED.obj</file>
         <name>Adafruit_OLED.obj</name>
      </input_file>
      <input_file id="fl-4">
         <path>.\</path>
         <kind>object</kind>
         <file>button_if.obj</file>
         <name>button_if.obj</name>
      </input_file>
      <input_file id="fl-5">
         <path>.\</path>
         <kind>object</kind>
         <file>gpio_if.obj</file>
         <name>gpio_if.obj</name>
      </input_file>
      <input_file id="fl-6">
         <path>.\</path>
         <kind>object</kind>
         <file>main.obj</file>
         <name>main.obj</name>
      </input_file>
      <input_file id="fl-7">
         <path>.\</path>
         <kind>object</kind>
         <file>network_common.obj</file>
         <name>network_common.obj</name>
      </input_file>
      <input_file id="fl-8">
         <path>.\</path>
         <kind>object</kind>
         <file>network_if.obj</file>
         <name>network_if.obj</name>
      </input_file>
      <input_file id="fl-9">
         <path>.\</path>
         <kind>object</kind>
         <file>pinmux.obj</file>
         <name>pinmux.obj</name>
      </input_file>
      <input_file id="fl-a">
         <path>.\</path>
         <kind>object</kind>
         <file>startup_ccs.obj</file>
         <name>startup_ccs.obj</name>
      </input_file>
      <input_file id="fl-b">
         <path>.\</path>
         <kind>object</kind>
         <file>test.obj</file>
         <name>test.obj</name>
      </input_file>
      <input_file id="fl-c">
         <path>.\</path>
         <kind>object</kind>
         <file>timer_if.obj</file>
         <name>timer_if.obj</name>
      </input_file>
      <input_file id="fl-d">
         <path>.\</path>
         <kind>object</kind>
         <file>uart_if.obj</file>
         <name>uart_if.obj</name>
      </input_file>
      <input_file id="fl-137">
         <path>C:\ti\ccs910\ccs\tools\compiler\ti-cgt-arm_5.2.9\lib\</path>
         <kind>archive</kind>
         <file>rtsv7M4_T_le_eabi.lib</file>
         <name>boot.obj</name>
      </input_file>
      <input_file id="fl-138">
         <path>C:\ti\ccs910\ccs\tools\compiler\ti-cgt-arm_5.2.9\lib\</path>
         <kind>archive</kind>
         <file>rtsv7M4_T_le_eabi.lib</file>
         <name>copy_decompress_none.obj</name>
      </input_file>
      <input_file id="fl-139">
         <path>C:\ti\ccs910\ccs\tools\compiler\ti-cgt-arm_5.2.9\lib\</path>
         <kind>archive</kind>
         <file>rtsv7M4_T_le_eabi.lib</file>
         <name>copy_decompress_rle.obj</name>
      </input_file>
      <input_file id="fl-13a">
         <path>C:\ti\ccs910\ccs\tools\compiler\ti-cgt-arm_5.2.9\lib\</path>
         <kind>archive</kind>
         <file>rtsv7M4_T_le_eabi.lib</file>
         <name>copy_zero_init.obj</name>
      </input_file>
      <input_file id="fl-13b">
         <path>C:\ti\ccs910\ccs\tools\compiler\ti-cgt-arm_5.2.9\lib\</path>
         <kind>archive</kind>
         <file>rtsv7M4_T_le_eabi.lib</file>
         <name>exit.obj</name>
      </input_file>
      <input_file id="fl-13c">
         <path>C:\ti\ccs910\ccs\tools\compiler\ti-cgt-arm_5.2.9\lib\</path>
         <kind>archive</kind>
         <file>rtsv7M4_T_le_eabi.lib</file>
         <name>memcpy_t2.obj</name>
      </input_file>
      <input_file id="fl-13d">
         <path>C:\ti\ccs910\ccs\tools\compiler\ti-cgt-arm_5.2.9\lib\</path>
         <kind>archive</kind>
         <file>rtsv7M4_T_le_eabi.lib</file>
         <name>memmov.obj</name>
      </input_file>
      <input_file id="fl-13e">
         <path>C:\ti\ccs910\ccs\tools\compiler\ti-cgt-arm_5.2.9\lib\</path>
         <kind>archive</kind>
         <file>rtsv7M4_T_le_eabi.lib</file>
         <name>memory.obj</name>
      </input_file>
      <input_file id="fl-13f">
         <path>C:\ti\ccs910\ccs\tools\compiler\ti-cgt-arm_5.2.9\lib\</path>
         <kind>archive</kind>
         <file>rtsv7M4_T_le_eabi.lib</file>
         <name>memset_t2.obj</name>
      </input_file>
      <input_file id="fl-140">
         <path>C:\ti\ccs910\ccs\tools\compiler\ti-cgt-arm_5.2.9\lib\</path>
         <kind>archive</kind>
         <file>rtsv7M4_T_le_eabi.lib</file>
         <name>pre_init.obj</name>
      </input_file>
      <input_file id="fl-141">
         <path>C:\ti\ccs910\ccs\tools\compiler\ti-cgt-arm_5.2.9\lib\</path>
         <kind>archive</kind>
         <file>rtsv7M4_T_le_eabi.lib</file>
         <name>stkdepth_vars.obj</name>
      </input_file>
      <input_file id="fl-142">
         <path>C:\ti\ccs910\ccs\tools\compiler\ti-cgt-arm_5.2.9\lib\</path>
         <kind>archive</kind>
         <file>rtsv7M4_T_le_eabi.lib</file>
         <name>strlen.obj</name>
      </input_file>
      <input_file id="fl-143">
         <path>C:\ti\ccs910\ccs\tools\compiler\ti-cgt-arm_5.2.9\lib\</path>
         <kind>archive</kind>
         <file>rtsv7M4_T_le_eabi.lib</file>
         <name>strncpy.obj</name>
      </input_file>
      <input_file id="fl-144">
         <path>C:\ti\ccs910\ccs\tools\compiler\ti-cgt-arm_5.2.9\lib\</path>
         <kind>archive</kind>
         <file>rtsv7M4_T_le_eabi.lib</file>
         <name>vsnprintf.obj</name>
      </input_file>
      <input_file id="fl-145">
         <path>C:\ti\ccs910\ccs\tools\compiler\ti-cgt-arm_5.2.9\lib\</path>
         <kind>archive</kind>
         <file>rtsv7M4_T_le_eabi.lib</file>
         <name>_lock.obj</name>
      </input_file>
      <input_file id="fl-146">
         <path>C:\ti\ccs910\ccs\tools\compiler\ti-cgt-arm_5.2.9\lib\</path>
         <kind>archive</kind>
         <file>rtsv7M4_T_le_eabi.lib</file>
         <name>_printfi.obj</name>
      </input_file>
      <input_file id="fl-147">
         <path>C:\ti\ccs910\ccs\tools\compiler\ti-cgt-arm_5.2.9\lib\</path>
         <kind>archive</kind>
         <file>rtsv7M4_T_le_eabi.lib</file>
         <name>args_main.obj</name>
      </input_file>
      <input_file id="fl-148">
         <path>C:\ti\ccs910\ccs\tools\compiler\ti-cgt-arm_5.2.9\lib\</path>
         <kind>archive</kind>
         <file>rtsv7M4_T_le_eabi.lib</file>
         <name>atoi.obj</name>
      </input_file>
      <input_file id="fl-149">
         <path>C:\ti\ccs910\ccs\tools\compiler\ti-cgt-arm_5.2.9\lib\</path>
         <kind>archive</kind>
         <file>rtsv7M4_T_le_eabi.lib</file>
         <name>autoinit.obj</name>
      </input_file>
      <input_file id="fl-14a">
         <path>C:\ti\ccs910\ccs\tools\compiler\ti-cgt-arm_5.2.9\lib\</path>
         <kind>archive</kind>
         <file>rtsv7M4_T_le_eabi.lib</file>
         <name>cpy_tbl.obj</name>
      </input_file>
      <input_file id="fl-14b">
         <path>C:\ti\ccs910\ccs\tools\compiler\ti-cgt-arm_5.2.9\lib\</path>
         <kind>archive</kind>
         <file>rtsv7M4_T_le_eabi.lib</file>
         <name>ctype.obj</name>
      </input_file>
      <input_file id="fl-14c">
         <path>C:\ti\ccs910\ccs\tools\compiler\ti-cgt-arm_5.2.9\lib\</path>
         <kind>archive</kind>
         <file>rtsv7M4_T_le_eabi.lib</file>
         <name>fd_add_t2.obj</name>
      </input_file>
      <input_file id="fl-14d">
         <path>C:\ti\ccs910\ccs\tools\compiler\ti-cgt-arm_5.2.9\lib\</path>
         <kind>archive</kind>
         <file>rtsv7M4_T_le_eabi.lib</file>
         <name>fd_cmp_t2.obj</name>
      </input_file>
      <input_file id="fl-14e">
         <path>C:\ti\ccs910\ccs\tools\compiler\ti-cgt-arm_5.2.9\lib\</path>
         <kind>archive</kind>
         <file>rtsv7M4_T_le_eabi.lib</file>
         <name>fd_div_t2.obj</name>
      </input_file>
      <input_file id="fl-14f">
         <path>C:\ti\ccs910\ccs\tools\compiler\ti-cgt-arm_5.2.9\lib\</path>
         <kind>archive</kind>
         <file>rtsv7M4_T_le_eabi.lib</file>
         <name>fd_mul_t2.obj</name>
      </input_file>
      <input_file id="fl-150">
         <path>C:\ti\ccs910\ccs\tools\compiler\ti-cgt-arm_5.2.9\lib\</path>
         <kind>archive</kind>
         <file>rtsv7M4_T_le_eabi.lib</file>
         <name>fd_toi_t2.obj</name>
      </input_file>
      <input_file id="fl-151">
         <path>C:\ti\ccs910\ccs\tools\compiler\ti-cgt-arm_5.2.9\lib\</path>
         <kind>archive</kind>
         <file>rtsv7M4_T_le_eabi.lib</file>
         <name>frexp.obj</name>
      </input_file>
      <input_file id="fl-152">
         <path>C:\ti\ccs910\ccs\tools\compiler\ti-cgt-arm_5.2.9\lib\</path>
         <kind>archive</kind>
         <file>rtsv7M4_T_le_eabi.lib</file>
         <name>i_tofd_t2.obj</name>
      </input_file>
      <input_file id="fl-153">
         <path>C:\ti\ccs910\ccs\tools\compiler\ti-cgt-arm_5.2.9\lib\</path>
         <kind>archive</kind>
         <file>rtsv7M4_T_le_eabi.lib</file>
         <name>ldexp.obj</name>
      </input_file>
      <input_file id="fl-154">
         <path>C:\ti\ccs910\ccs\tools\compiler\ti-cgt-arm_5.2.9\lib\</path>
         <kind>archive</kind>
         <file>rtsv7M4_T_le_eabi.lib</file>
         <name>ltoa.obj</name>
      </input_file>
      <input_file id="fl-155">
         <path>C:\ti\ccs910\ccs\tools\compiler\ti-cgt-arm_5.2.9\lib\</path>
         <kind>archive</kind>
         <file>rtsv7M4_T_le_eabi.lib</file>
         <name>memccpy.obj</name>
      </input_file>
      <input_file id="fl-156">
         <path>C:\ti\ccs910\ccs\tools\compiler\ti-cgt-arm_5.2.9\lib\</path>
         <kind>archive</kind>
         <file>rtsv7M4_T_le_eabi.lib</file>
         <name>strchr.obj</name>
      </input_file>
      <input_file id="fl-157">
         <path>C:\ti\ccs910\ccs\tools\compiler\ti-cgt-arm_5.2.9\lib\</path>
         <kind>archive</kind>
         <file>rtsv7M4_T_le_eabi.lib</file>
         <name>ull_div_t2.obj</name>
      </input_file>
      <input_file id="fl-158">
         <path>C:\ti\ccs910\ccs\tools\compiler\ti-cgt-arm_5.2.9\lib\</path>
         <kind>archive</kind>
         <file>rtsv7M4_T_le_eabi.lib</file>
         <name>xdscale.obj</name>
      </input_file>
      <input_file id="fl-159">
         <path>C:\ti\ccs910\ccs\tools\compiler\ti-cgt-arm_5.2.9\lib\</path>
         <kind>archive</kind>
         <file>rtsv7M4_T_le_eabi.lib</file>
         <name>xdunscal.obj</name>
      </input_file>
      <input_file id="fl-15a">
         <path>C:\ti\ccs910\ccs\tools\compiler\ti-cgt-arm_5.2.9\lib\</path>
         <kind>archive</kind>
         <file>rtsv7M4_T_le_eabi.lib</file>
         <name>xferaise.obj</name>
      </input_file>
      <input_file id="fl-15b">
         <path>C:\ti\ccs910\ccs\tools\compiler\ti-cgt-arm_5.2.9\lib\</path>
         <kind>archive</kind>
         <file>rtsv7M4_T_le_eabi.lib</file>
         <name>xvalues.obj</name>
      </input_file>
      <input_file id="fl-15c">
         <path>C:\ti\ccs910\ccs\tools\compiler\ti-cgt-arm_5.2.9\lib\</path>
         <kind>archive</kind>
         <file>rtsv7M4_T_le_eabi.lib</file>
         <name>errno.obj</name>
      </input_file>
      <input_file id="fl-15d">
         <path>C:\ti\ccs910\ccs\tools\compiler\ti-cgt-arm_5.2.9\lib\</path>
         <kind>archive</kind>
         <file>rtsv7M4_T_le_eabi.lib</file>
         <name>feraiseexcept.obj</name>
      </input_file>
      <input_file id="fl-15e">
         <path>C:\ti\ccs910\ccs\tools\compiler\ti-cgt-arm_5.2.9\lib\</path>
         <kind>archive</kind>
         <file>rtsv7M4_T_le_eabi.lib</file>
         <name>raise.obj</name>
      </input_file>
      <input_file id="fl-15f">
         <path>C:\ti\ccs910\ccs\tools\compiler\ti-cgt-arm_5.2.9\lib\</path>
         <kind>archive</kind>
         <file>rtsv7M4_T_le_eabi.lib</file>
         <name>signal.obj</name>
      </input_file>
      <input_file id="fl-160">
         <path>C:\ti\ccs910\ccs\tools\compiler\ti-cgt-arm_5.2.9\lib\</path>
         <kind>archive</kind>
         <file>rtsv7M4_T_le_eabi.lib</file>
         <name>xdnorm.obj</name>
      </input_file>
      <input_file id="fl-161">
         <path>C:\ti\CC3200SDK_1.3.0\cc3200-sdk\oslib\ccs\free_rtos\</path>
         <kind>archive</kind>
         <file>free_rtos.a</file>
         <name>osi_freertos.obj</name>
      </input_file>
      <input_file id="fl-162">
         <path>C:\ti\CC3200SDK_1.3.0\cc3200-sdk\oslib\ccs\free_rtos\</path>
         <kind>archive</kind>
         <file>free_rtos.a</file>
         <name>port.obj</name>
      </input_file>
      <input_file id="fl-163">
         <path>C:\ti\CC3200SDK_1.3.0\cc3200-sdk\oslib\ccs\free_rtos\</path>
         <kind>archive</kind>
         <file>free_rtos.a</file>
         <name>portasm.obj</name>
      </input_file>
      <input_file id="fl-164">
         <path>C:\ti\CC3200SDK_1.3.0\cc3200-sdk\oslib\ccs\free_rtos\</path>
         <kind>archive</kind>
         <file>free_rtos.a</file>
         <name>queue.obj</name>
      </input_file>
      <input_file id="fl-165">
         <path>C:\ti\CC3200SDK_1.3.0\cc3200-sdk\oslib\ccs\free_rtos\</path>
         <kind>archive</kind>
         <file>free_rtos.a</file>
         <name>tasks.obj</name>
      </input_file>
      <input_file id="fl-166">
         <path>C:\ti\CC3200SDK_1.3.0\cc3200-sdk\oslib\ccs\free_rtos\</path>
         <kind>archive</kind>
         <file>free_rtos.a</file>
         <name>heap_3.obj</name>
      </input_file>
      <input_file id="fl-167">
         <path>C:\ti\CC3200SDK_1.3.0\cc3200-sdk\oslib\ccs\free_rtos\</path>
         <kind>archive</kind>
         <file>free_rtos.a</file>
         <name>list.obj</name>
      </input_file>
      <input_file id="fl-168">
         <path>C:\ti\CC3200SDK_1.3.0\cc3200-sdk\simplelink\ccs\OS\</path>
         <kind>archive</kind>
         <file>simplelink.a</file>
         <name>device.obj</name>
      </input_file>
      <input_file id="fl-169">
         <path>C:\ti\CC3200SDK_1.3.0\cc3200-sdk\simplelink\ccs\OS\</path>
         <kind>archive</kind>
         <file>simplelink.a</file>
         <name>driver.obj</name>
      </input_file>
      <input_file id="fl-16a">
         <path>C:\ti\CC3200SDK_1.3.0\cc3200-sdk\simplelink\ccs\OS\</path>
         <kind>archive</kind>
         <file>simplelink.a</file>
         <name>netapp.obj</name>
      </input_file>
      <input_file id="fl-16b">
         <path>C:\ti\CC3200SDK_1.3.0\cc3200-sdk\simplelink\ccs\OS\</path>
         <kind>archive</kind>
         <file>simplelink.a</file>
         <name>netcfg.obj</name>
      </input_file>
      <input_file id="fl-16c">
         <path>C:\ti\CC3200SDK_1.3.0\cc3200-sdk\simplelink\ccs\OS\</path>
         <kind>archive</kind>
         <file>simplelink.a</file>
         <name>socket.obj</name>
      </input_file>
      <input_file id="fl-16d">
         <path>C:\ti\CC3200SDK_1.3.0\cc3200-sdk\simplelink\ccs\OS\</path>
         <kind>archive</kind>
         <file>simplelink.a</file>
         <name>wlan.obj</name>
      </input_file>
      <input_file id="fl-16e">
         <path>C:\ti\CC3200SDK_1.3.0\cc3200-sdk\simplelink\ccs\OS\</path>
         <kind>archive</kind>
         <file>simplelink.a</file>
         <name>cc_pal.obj</name>
      </input_file>
      <input_file id="fl-16f">
         <path>C:\ti\CC3200SDK_1.3.0\cc3200-sdk\netapps\mqtt\ccs\client\</path>
         <kind>archive</kind>
         <file>mqtt.a</file>
         <name>sl_mqtt_client.obj</name>
      </input_file>
      <input_file id="fl-170">
         <path>C:\ti\CC3200SDK_1.3.0\cc3200-sdk\netapps\mqtt\ccs\client\</path>
         <kind>archive</kind>
         <file>mqtt.a</file>
         <name>cc32xx_sl_net.obj</name>
      </input_file>
      <input_file id="fl-171">
         <path>C:\ti\CC3200SDK_1.3.0\cc3200-sdk\netapps\mqtt\ccs\client\</path>
         <kind>archive</kind>
         <file>mqtt.a</file>
         <name>mqtt_client.obj</name>
      </input_file>
      <input_file id="fl-172">
         <path>C:\ti\CC3200SDK_1.3.0\cc3200-sdk\netapps\mqtt\ccs\client\</path>
         <kind>archive</kind>
         <file>mqtt.a</file>
         <name>mqtt_common.obj</name>
      </input_file>
      <input_file id="fl-173">
         <path>C:\ti\CC3200SDK_1.3.0\cc3200-sdk\netapps\mqtt\ccs\client\</path>
         <kind>archive</kind>
         <file>mqtt.a</file>
         <name>cc32xx_platform.obj</name>
      </input_file>
      <input_file id="fl-174">
         <path>C:\ti\CC3200SDK_1.3.0\cc3200-sdk\driverlib\ccs\Release\</path>
         <kind>archive</kind>
         <file>driverlib.a</file>
         <name>gpio.obj</name>
      </input_file>
      <input_file id="fl-175">
         <path>C:\ti\CC3200SDK_1.3.0\cc3200-sdk\driverlib\ccs\Release\</path>
         <kind>archive</kind>
         <file>driverlib.a</file>
         <name>interrupt.obj</name>
      </input_file>
      <input_file id="fl-176">
         <path>C:\ti\CC3200SDK_1.3.0\cc3200-sdk\driverlib\ccs\Release\</path>
         <kind>archive</kind>
         <file>driverlib.a</file>
         <name>pin.obj</name>
      </input_file>
      <input_file id="fl-177">
         <path>C:\ti\CC3200SDK_1.3.0\cc3200-sdk\driverlib\ccs\Release\</path>
         <kind>archive</kind>
         <file>driverlib.a</file>
         <name>prcm.obj</name>
      </input_file>
      <input_file id="fl-178">
         <path>C:\ti\CC3200SDK_1.3.0\cc3200-sdk\driverlib\ccs\Release\</path>
         <kind>archive</kind>
         <file>driverlib.a</file>
         <name>spi.obj</name>
      </input_file>
      <input_file id="fl-179">
         <path>C:\ti\CC3200SDK_1.3.0\cc3200-sdk\driverlib\ccs\Release\</path>
         <kind>archive</kind>
         <file>driverlib.a</file>
         <name>timer.obj</name>
      </input_file>
      <input_file id="fl-17a">
         <path>C:\ti\CC3200SDK_1.3.0\cc3200-sdk\driverlib\ccs\Release\</path>
         <kind>archive</kind>
         <file>driverlib.a</file>
         <name>uart.obj</name>
      </input_file>
      <input_file id="fl-17b">
         <path>C:\ti\CC3200SDK_1.3.0\cc3200-sdk\driverlib\ccs\Release\</path>
         <kind>archive</kind>
         <file>driverlib.a</file>
         <name>udma.obj</name>
      </input_file>
      <input_file id="fl-17c">
         <path>C:\ti\CC3200SDK_1.3.0\cc3200-sdk\driverlib\ccs\Release\</path>
         <kind>archive</kind>
         <file>driverlib.a</file>
         <name>utils.obj</name>
      </input_file>
      <input_file id="fl-17d">
         <path>C:\ti\CC3200SDK_1.3.0\cc3200-sdk\driverlib\ccs\Release\</path>
         <kind>archive</kind>
         <file>driverlib.a</file>
         <name>cpu.obj</name>
      </input_file>
      <input_file id="fl-17e">
         <path>C:\ti\CC3200SDK_1.3.0\cc3200-sdk\driverlib\ccs\Release\</path>
         <kind>archive</kind>
         <file>driverlib.a</file>
         <name>flash.obj</name>
      </input_file>
      <input_file id="fl-17f">
         <path>C:\ti\ccs910\ccs\tools\compiler\ti-cgt-arm_5.2.9\lib\</path>
         <kind>archive</kind>
         <file>rtsv7M4_T_le_eabi.lib</file>
         <name>strcpy.obj</name>
      </input_file>
      <input_file id="fl-180">
         <path>C:\ti\ccs910\ccs\tools\compiler\ti-cgt-arm_5.2.9\lib\</path>
         <kind>archive</kind>
         <file>rtsv7M4_T_le_eabi.lib</file>
         <name>strtok.obj</name>
      </input_file>
      <input_file id="fl-181">
         <path>C:\ti\ccs910\ccs\tools\compiler\ti-cgt-arm_5.2.9\lib\</path>
         <kind>archive</kind>
         <file>rtsv7M4_T_le_eabi.lib</file>
         <name>strcspn.obj</name>
      </input_file>
      <input_file id="fl-182">
         <path>C:\ti\ccs910\ccs\tools\compiler\ti-cgt-arm_5.2.9\lib\</path>
         <kind>archive</kind>
         <file>rtsv7M4_T_le_eabi.lib</file>
         <name>strspn.obj</name>
      </input_file>
   </input_file_list>
   <object_component_list>
      <object_component id="oc-f">
         <name>.intvecs</name>
         <load_address>0x20004000</load_address>
         <run_address>0x20004000</run_address>
         <size>0x400</size>
         <input_file_ref idref="fl-a"/>
      </object_component>
      <object_component id="oc-3ca">
         <name>.text</name>
         <load_address>0x20004400</load_address>
         <run_address>0x20004400</run_address>
         <size>0x26e0</size>
         <input_file_ref idref="fl-171"/>
      </object_component>
      <object_component id="oc-f2">
         <name>.text</name>
         <load_address>0x20006ae0</load_address>
         <run_address>0x20006ae0</run_address>
         <size>0x12e4</size>
         <input_file_ref idref="fl-8"/>
      </object_component>
      <object_component id="oc-87">
         <name>.text</name>
         <load_address>0x20007dc4</load_address>
         <run_address>0x20007dc4</run_address>
         <size>0x125c</size>
         <input_file_ref idref="fl-165"/>
      </object_component>
      <object_component id="oc-4f0">
         <name>.text</name>
         <load_address>0x20009020</load_address>
         <run_address>0x20009020</run_address>
         <size>0x10e0</size>
         <input_file_ref idref="fl-146"/>
      </object_component>
      <object_component id="oc-c3">
         <name>.text</name>
         <load_address>0x2000a100</load_address>
         <run_address>0x2000a100</run_address>
         <size>0xbe4</size>
         <input_file_ref idref="fl-6"/>
      </object_component>
      <object_component id="oc-2c4">
         <name>.text</name>
         <load_address>0x2000ace4</load_address>
         <run_address>0x2000ace4</run_address>
         <size>0xb24</size>
         <input_file_ref idref="fl-164"/>
      </object_component>
      <object_component id="oc-184">
         <name>.text</name>
         <load_address>0x2000b808</load_address>
         <run_address>0x2000b808</run_address>
         <size>0xad8</size>
         <input_file_ref idref="fl-16f"/>
      </object_component>
      <object_component id="oc-57e">
         <name>.text</name>
         <load_address>0x2000c2e0</load_address>
         <run_address>0x2000c2e0</run_address>
         <size>0xa18</size>
         <input_file_ref idref="fl-172"/>
      </object_component>
      <object_component id="oc-5ad">
         <name>.text</name>
         <load_address>0x2000ccf8</load_address>
         <run_address>0x2000ccf8</run_address>
         <size>0x700</size>
         <input_file_ref idref="fl-170"/>
      </object_component>
      <object_component id="oc-705">
         <name>.text:_SlDrvMsgRead</name>
         <load_address>0x2000d3f8</load_address>
         <run_address>0x2000d3f8</run_address>
         <size>0x590</size>
         <input_file_ref idref="fl-169"/>
      </object_component>
      <object_component id="oc-137">
         <name>.text</name>
         <load_address>0x2000d988</load_address>
         <run_address>0x2000d988</run_address>
         <size>0x45c</size>
         <input_file_ref idref="fl-161"/>
      </object_component>
      <object_component id="oc-125">
         <name>.text</name>
         <load_address>0x2000dde4</load_address>
         <run_address>0x2000dde4</run_address>
         <size>0x3dc</size>
         <input_file_ref idref="fl-13e"/>
      </object_component>
      <object_component id="oc-13d">
         <name>.text</name>
         <load_address>0x2000e1c0</load_address>
         <run_address>0x2000e1c0</run_address>
         <size>0x394</size>
         <input_file_ref idref="fl-5"/>
      </object_component>
      <object_component id="oc-171">
         <name>.text:sl_WlanProfileAdd</name>
         <load_address>0x2000e554</load_address>
         <run_address>0x2000e554</run_address>
         <size>0x2b0</size>
         <input_file_ref idref="fl-16d"/>
      </object_component>
      <object_component id="oc-131">
         <name>.text</name>
         <load_address>0x2000e804</load_address>
         <run_address>0x2000e804</run_address>
         <size>0x290</size>
         <input_file_ref idref="fl-d"/>
      </object_component>
      <object_component id="oc-22c">
         <name>.text:sl_WlanConnect</name>
         <load_address>0x2000ea94</load_address>
         <run_address>0x2000ea94</run_address>
         <size>0x27c</size>
         <input_file_ref idref="fl-16d"/>
      </object_component>
      <object_component id="oc-837">
         <name>.text:_SlDrvRxHdrRead</name>
         <load_address>0x2000ed10</load_address>
         <run_address>0x2000ed10</run_address>
         <size>0x24c</size>
         <input_file_ref idref="fl-169"/>
      </object_component>
      <object_component id="oc-686">
         <name>.text</name>
         <load_address>0x2000ef5c</load_address>
         <run_address>0x2000ef5c</run_address>
         <size>0x1f4</size>
         <input_file_ref idref="fl-157"/>
      </object_component>
      <object_component id="oc-8a8">
         <name>.text:_SlDrvDataReadOp</name>
         <load_address>0x2000f150</load_address>
         <run_address>0x2000f150</run_address>
         <size>0x1e0</size>
         <input_file_ref idref="fl-169"/>
      </object_component>
      <object_component id="oc-451">
         <name>.text:_SlDrvReleasePoolObj</name>
         <load_address>0x2000f330</load_address>
         <run_address>0x2000f330</run_address>
         <size>0x1d0</size>
         <input_file_ref idref="fl-169"/>
      </object_component>
      <object_component id="oc-14f">
         <name>.text</name>
         <load_address>0x2000f500</load_address>
         <run_address>0x2000f500</run_address>
         <size>0x1c0</size>
         <input_file_ref idref="fl-c"/>
      </object_component>
      <object_component id="oc-791">
         <name>.text:sl_Accept</name>
         <load_address>0x2000f6c0</load_address>
         <run_address>0x2000f6c0</run_address>
         <size>0x1bc</size>
         <input_file_ref idref="fl-16c"/>
      </object_component>
      <object_component id="oc-6af">
         <name>.text</name>
         <load_address>0x2000f87c</load_address>
         <run_address>0x2000f87c</run_address>
         <size>0x1b6</size>
         <input_file_ref idref="fl-14c"/>
      </object_component>
      <object_component id="oc-50f">
         <name>.text:IntDefaultHandler</name>
         <load_address>0x2000fa32</load_address>
         <run_address>0x2000fa32</run_address>
         <size>0x2</size>
         <input_file_ref idref="fl-175"/>
      </object_component>
      <object_component id="oc-54b">
         <name>.text:_SlDrvMsgWrite</name>
         <load_address>0x2000fa34</load_address>
         <run_address>0x2000fa34</run_address>
         <size>0x19c</size>
         <input_file_ref idref="fl-169"/>
      </object_component>
      <object_component id="oc-427">
         <name>.text:_SlDrvDriverCBInit</name>
         <load_address>0x2000fbd0</load_address>
         <run_address>0x2000fbd0</run_address>
         <size>0x190</size>
         <input_file_ref idref="fl-169"/>
      </object_component>
      <object_component id="oc-4ba">
         <name>.text:_SlDrvWaitForPoolObj</name>
         <load_address>0x2000fd60</load_address>
         <run_address>0x2000fd60</run_address>
         <size>0x190</size>
         <input_file_ref idref="fl-169"/>
      </object_component>
      <object_component id="oc-75b">
         <name>.text:sl_Connect</name>
         <load_address>0x2000fef0</load_address>
         <run_address>0x2000fef0</run_address>
         <size>0x18c</size>
         <input_file_ref idref="fl-16c"/>
      </object_component>
      <object_component id="oc-167">
         <name>.text:PRCMCC3200MCUInit</name>
         <load_address>0x2001007c</load_address>
         <run_address>0x2001007c</run_address>
         <size>0x178</size>
         <input_file_ref idref="fl-177"/>
      </object_component>
      <object_component id="oc-785">
         <name>.text:sl_Select</name>
         <load_address>0x200101f4</load_address>
         <run_address>0x200101f4</run_address>
         <size>0x178</size>
         <input_file_ref idref="fl-16c"/>
      </object_component>
      <object_component id="oc-849">
         <name>.text:_SlFindAndSetActiveObj</name>
         <load_address>0x2001036c</load_address>
         <run_address>0x2001036c</run_address>
         <size>0x170</size>
         <input_file_ref idref="fl-169"/>
      </object_component>
      <object_component id="oc-17e">
         <name>.text</name>
         <load_address>0x200104dc</load_address>
         <run_address>0x200104dc</run_address>
         <size>0x150</size>
         <input_file_ref idref="fl-4"/>
      </object_component>
      <object_component id="oc-42d">
         <name>.text:spi_Open</name>
         <load_address>0x2001062c</load_address>
         <run_address>0x2001062c</run_address>
         <size>0x150</size>
         <input_file_ref idref="fl-16e"/>
      </object_component>
      <object_component id="oc-89e">
         <name>.text:_SlDrvDataWriteOp</name>
         <load_address>0x2001077c</load_address>
         <run_address>0x2001077c</run_address>
         <size>0x14c</size>
         <input_file_ref idref="fl-169"/>
      </object_component>
      <object_component id="oc-239">
         <name>.text:sl_NetAppDnsGetHostByName</name>
         <load_address>0x200108c8</load_address>
         <run_address>0x200108c8</run_address>
         <size>0x144</size>
         <input_file_ref idref="fl-16a"/>
      </object_component>
      <object_component id="oc-797">
         <name>.text:sl_SendTo</name>
         <load_address>0x20010a0c</load_address>
         <run_address>0x20010a0c</run_address>
         <size>0x144</size>
         <input_file_ref idref="fl-16c"/>
      </object_component>
      <object_component id="oc-551">
         <name>.text:_SlDrvMsgReadCmdCtx</name>
         <load_address>0x20010b50</load_address>
         <run_address>0x20010b50</run_address>
         <size>0x13c</size>
         <input_file_ref idref="fl-169"/>
      </object_component>
      <object_component id="oc-79d">
         <name>.text:sl_RecvFrom</name>
         <load_address>0x20010c8c</load_address>
         <run_address>0x20010c8c</run_address>
         <size>0x13c</size>
         <input_file_ref idref="fl-16c"/>
      </object_component>
      <object_component id="oc-695">
         <name>.text</name>
         <load_address>0x20010dc8</load_address>
         <run_address>0x20010dc8</run_address>
         <size>0x136</size>
         <input_file_ref idref="fl-14e"/>
      </object_component>
      <object_component id="oc-767">
         <name>.text:sl_Send</name>
         <load_address>0x20010f00</load_address>
         <run_address>0x20010f00</run_address>
         <size>0x134</size>
         <input_file_ref idref="fl-16c"/>
      </object_component>
      <object_component id="oc-e2">
         <name>.text</name>
         <load_address>0x20011034</load_address>
         <run_address>0x20011034</run_address>
         <size>0x12a</size>
         <input_file_ref idref="fl-167"/>
      </object_component>
      <object_component id="oc-479">
         <name>.text:_SlDrvDriverCBDeinit</name>
         <load_address>0x20011160</load_address>
         <run_address>0x20011160</run_address>
         <size>0x124</size>
         <input_file_ref idref="fl-169"/>
      </object_component>
      <object_component id="oc-38">
         <name>.text</name>
         <load_address>0x20011284</load_address>
         <run_address>0x20011284</run_address>
         <size>0x110</size>
         <input_file_ref idref="fl-162"/>
      </object_component>
      <object_component id="oc-7fe">
         <name>.text</name>
         <load_address>0x20011394</load_address>
         <run_address>0x20011394</run_address>
         <size>0x110</size>
         <input_file_ref idref="fl-158"/>
      </object_component>
      <object_component id="oc-91f">
         <name>.text:_SlDrvNetAppEventHandler</name>
         <load_address>0x200114a4</load_address>
         <run_address>0x200114a4</run_address>
         <size>0x104</size>
         <input_file_ref idref="fl-16a"/>
      </object_component>
      <object_component id="oc-690">
         <name>.text</name>
         <load_address>0x200115a8</load_address>
         <run_address>0x200115a8</run_address>
         <size>0xfc</size>
         <input_file_ref idref="fl-14f"/>
      </object_component>
      <object_component id="oc-1f2">
         <name>.text:sl_Stop</name>
         <load_address>0x200116a4</load_address>
         <run_address>0x200116a4</run_address>
         <size>0xf0</size>
         <input_file_ref idref="fl-168"/>
      </object_component>
      <object_component id="oc-9c2">
         <name>.text:uDMAChannelTransferSet</name>
         <load_address>0x20011794</load_address>
         <run_address>0x20011794</run_address>
         <size>0xf0</size>
         <input_file_ref idref="fl-17b"/>
      </object_component>
      <object_component id="oc-1e6">
         <name>.text:sl_Start</name>
         <load_address>0x20011884</load_address>
         <run_address>0x20011884</run_address>
         <size>0xec</size>
         <input_file_ref idref="fl-168"/>
      </object_component>
      <object_component id="oc-70b">
         <name>.text:_SlAsyncEventGenericHandler</name>
         <load_address>0x20011970</load_address>
         <run_address>0x20011970</run_address>
         <size>0xe8</size>
         <input_file_ref idref="fl-169"/>
      </object_component>
      <object_component id="oc-64d">
         <name>.text:_SlDrvMsgReadSpawnCtx</name>
         <load_address>0x20011a58</load_address>
         <run_address>0x20011a58</run_address>
         <size>0xe8</size>
         <input_file_ref idref="fl-169"/>
      </object_component>
      <object_component id="oc-4a0">
         <name>.text:sl_NetAppMDNSRegisterUnregisterService</name>
         <load_address>0x20011b40</load_address>
         <run_address>0x20011b40</run_address>
         <size>0xe4</size>
         <input_file_ref idref="fl-16a"/>
      </object_component>
      <object_component id="oc-83d">
         <name>.text:_SlDrvClassifyRxMsg</name>
         <load_address>0x20011c24</load_address>
         <run_address>0x20011c24</run_address>
         <size>0xdc</size>
         <input_file_ref idref="fl-169"/>
      </object_component>
      <object_component id="oc-843">
         <name>.text:spi_Read</name>
         <load_address>0x20011d00</load_address>
         <run_address>0x20011d00</run_address>
         <size>0xdc</size>
         <input_file_ref idref="fl-16e"/>
      </object_component>
      <object_component id="oc-233">
         <name>.text:sl_NetCfgGet</name>
         <load_address>0x20011ddc</load_address>
         <run_address>0x20011ddc</run_address>
         <size>0xd8</size>
         <input_file_ref idref="fl-16b"/>
      </object_component>
      <object_component id="oc-9e9">
         <name>.text:_sl_HandleAsync_DnsGetHostByService</name>
         <load_address>0x20011eb4</load_address>
         <run_address>0x20011eb4</run_address>
         <size>0xcc</size>
         <input_file_ref idref="fl-16a"/>
      </object_component>
      <object_component id="oc-1f8">
         <name>.text:sl_DevGet</name>
         <load_address>0x20011f80</load_address>
         <run_address>0x20011f80</run_address>
         <size>0xcc</size>
         <input_file_ref idref="fl-168"/>
      </object_component>
      <object_component id="oc-63c">
         <name>.text:_SlRemoveFromList</name>
         <load_address>0x2001204c</load_address>
         <run_address>0x2001204c</run_address>
         <size>0xc4</size>
         <input_file_ref idref="fl-169"/>
      </object_component>
      <object_component id="oc-386">
         <name>.text:_SlDrvCmdOp</name>
         <load_address>0x20012110</load_address>
         <run_address>0x20012110</run_address>
         <size>0xc0</size>
         <input_file_ref idref="fl-169"/>
      </object_component>
      <object_component id="oc-8db">
         <name>.text</name>
         <load_address>0x200121d0</load_address>
         <run_address>0x200121d0</run_address>
         <size>0xbe</size>
         <input_file_ref idref="fl-160"/>
      </object_component>
      <object_component id="oc-33">
         <name>.text</name>
         <load_address>0x20012290</load_address>
         <run_address>0x20012290</run_address>
         <size>0xba</size>
         <input_file_ref idref="fl-163"/>
      </object_component>
      <object_component id="oc-74f">
         <name>.text:sl_Bind</name>
         <load_address>0x2001234c</load_address>
         <run_address>0x2001234c</run_address>
         <size>0xb8</size>
         <input_file_ref idref="fl-16c"/>
      </object_component>
      <object_component id="oc-2b8">
         <name>.text:IntDisable</name>
         <load_address>0x20012404</load_address>
         <run_address>0x20012404</run_address>
         <size>0xa8</size>
         <input_file_ref idref="fl-175"/>
      </object_component>
      <object_component id="oc-161">
         <name>.text:IntEnable</name>
         <load_address>0x200124ac</load_address>
         <run_address>0x200124ac</run_address>
         <size>0xa8</size>
         <input_file_ref idref="fl-175"/>
      </object_component>
      <object_component id="oc-5e7">
         <name>.text:SPIConfigSetExpClk</name>
         <load_address>0x20012554</load_address>
         <run_address>0x20012554</run_address>
         <size>0xa0</size>
         <input_file_ref idref="fl-178"/>
      </object_component>
      <object_component id="oc-635">
         <name>.text:_SlDriverHandleError</name>
         <load_address>0x200125f4</load_address>
         <run_address>0x200125f4</run_address>
         <size>0xa0</size>
         <input_file_ref idref="fl-169"/>
      </object_component>
      <object_component id="oc-76d">
         <name>.text:sl_Recv</name>
         <load_address>0x20012694</load_address>
         <run_address>0x20012694</run_address>
         <size>0xa0</size>
         <input_file_ref idref="fl-16c"/>
      </object_component>
      <object_component id="oc-41">
         <name>.text</name>
         <load_address>0x20012734</load_address>
         <run_address>0x20012734</run_address>
         <size>0x9c</size>
         <input_file_ref idref="fl-13c"/>
      </object_component>
      <object_component id="oc-9db">
         <name>.text:_SlDrvDeviceEventHandler</name>
         <load_address>0x200127d0</load_address>
         <run_address>0x200127d0</run_address>
         <size>0x9a</size>
         <input_file_ref idref="fl-168"/>
      </object_component>
      <object_component id="oc-193">
         <name>.text</name>
         <load_address>0x2001286c</load_address>
         <run_address>0x2001286c</run_address>
         <size>0x98</size>
         <input_file_ref idref="fl-9"/>
      </object_component>
      <object_component id="oc-199">
         <name>.text:sl_DevSet</name>
         <load_address>0x20012904</load_address>
         <run_address>0x20012904</run_address>
         <size>0x98</size>
         <input_file_ref idref="fl-168"/>
      </object_component>
      <object_component id="oc-20a">
         <name>.text:sl_NetCfgSet</name>
         <load_address>0x2001299c</load_address>
         <run_address>0x2001299c</run_address>
         <size>0x98</size>
         <input_file_ref idref="fl-16b"/>
      </object_component>
      <object_component id="oc-731">
         <name>.text:sl_SetSockOpt</name>
         <load_address>0x20012a34</load_address>
         <run_address>0x20012a34</run_address>
         <size>0x98</size>
         <input_file_ref idref="fl-16c"/>
      </object_component>
      <object_component id="oc-210">
         <name>.text:sl_WlanSet</name>
         <load_address>0x20012acc</load_address>
         <run_address>0x20012acc</run_address>
         <size>0x98</size>
         <input_file_ref idref="fl-16d"/>
      </object_component>
      <object_component id="oc-279">
         <name>.text:PRCMPeripheralClockGet</name>
         <load_address>0x20012b64</load_address>
         <run_address>0x20012b64</run_address>
         <size>0x94</size>
         <input_file_ref idref="fl-177"/>
      </object_component>
      <object_component id="oc-9e3">
         <name>.text:_sl_HandleAsync_DnsGetHostByName</name>
         <load_address>0x20012bf8</load_address>
         <run_address>0x20012bf8</run_address>
         <size>0x90</size>
         <input_file_ref idref="fl-16a"/>
      </object_component>
      <object_component id="oc-925">
         <name>.text:_sl_HandleAsync_PingResponse</name>
         <load_address>0x20012c88</load_address>
         <run_address>0x20012c88</run_address>
         <size>0x90</size>
         <input_file_ref idref="fl-16a"/>
      </object_component>
      <object_component id="oc-177">
         <name>.text:sl_WlanPolicySet</name>
         <load_address>0x20012d18</load_address>
         <run_address>0x20012d18</run_address>
         <size>0x90</size>
         <input_file_ref idref="fl-16d"/>
      </object_component>
      <object_component id="oc-92c">
         <name>.text:SetupDMAReceive</name>
         <load_address>0x20012da8</load_address>
         <run_address>0x20012da8</run_address>
         <size>0x8c</size>
         <input_file_ref idref="fl-16e"/>
      </object_component>
      <object_component id="oc-81c">
         <name>.text:SetupDMASend</name>
         <load_address>0x20012e34</load_address>
         <run_address>0x20012e34</run_address>
         <size>0x8c</size>
         <input_file_ref idref="fl-16e"/>
      </object_component>
      <object_component id="oc-90f">
         <name>.text:_SlDrvIsTimeoutExpired</name>
         <load_address>0x20012ec0</load_address>
         <run_address>0x20012ec0</run_address>
         <size>0x8c</size>
         <input_file_ref idref="fl-169"/>
      </object_component>
      <object_component id="oc-a4d">
         <name>.text:_sl_HandleAsync_InitComplete</name>
         <load_address>0x20012f4c</load_address>
         <run_address>0x20012f4c</run_address>
         <size>0x8c</size>
         <input_file_ref idref="fl-168"/>
      </object_component>
      <object_component id="oc-72b">
         <name>.text:sl_Socket</name>
         <load_address>0x20012fd8</load_address>
         <run_address>0x20012fd8</run_address>
         <size>0x8c</size>
         <input_file_ref idref="fl-16c"/>
      </object_component>
      <object_component id="oc-6fb">
         <name>.text:spi_Write</name>
         <load_address>0x20013064</load_address>
         <run_address>0x20013064</run_address>
         <size>0x8c</size>
         <input_file_ref idref="fl-16e"/>
      </object_component>
      <object_component id="oc-5bd">
         <name>.text:PinConfigSet</name>
         <load_address>0x200130f0</load_address>
         <run_address>0x200130f0</run_address>
         <size>0x88</size>
         <input_file_ref idref="fl-176"/>
      </object_component>
      <object_component id="oc-28b">
         <name>.text</name>
         <load_address>0x20013178</load_address>
         <run_address>0x20013178</run_address>
         <size>0x88</size>
         <input_file_ref idref="fl-144"/>
      </object_component>
      <object_component id="oc-68b">
         <name>.text:__aeabi_cdcmple</name>
         <load_address>0x20013200</load_address>
         <run_address>0x20013200</run_address>
         <size>0x86</size>
         <input_file_ref idref="fl-14d"/>
      </object_component>
      <object_component id="oc-69a">
         <name>.text:__aeabi_cdrcmple</name>
         <load_address>0x20013286</load_address>
         <run_address>0x20013286</run_address>
         <size>0x86</size>
         <input_file_ref idref="fl-14d"/>
      </object_component>
      <object_component id="oc-222">
         <name>.text:sl_WlanRxFilterSet</name>
         <load_address>0x2001330c</load_address>
         <run_address>0x2001330c</run_address>
         <size>0x84</size>
         <input_file_ref idref="fl-16d"/>
      </object_component>
      <object_component id="oc-2ce">
         <name>.text:GPIOIntTypeSet</name>
         <load_address>0x20013390</load_address>
         <run_address>0x20013390</run_address>
         <size>0x82</size>
         <input_file_ref idref="fl-174"/>
      </object_component>
      <object_component id="oc-a0b">
         <name>.text:_sl_HandleAsync_Connect</name>
         <load_address>0x20013414</load_address>
         <run_address>0x20013414</run_address>
         <size>0x80</size>
         <input_file_ref idref="fl-16c"/>
      </object_component>
      <object_component id="oc-932">
         <name>.text:spi_Read_CPU</name>
         <load_address>0x20013494</load_address>
         <run_address>0x20013494</run_address>
         <size>0x80</size>
         <input_file_ref idref="fl-16e"/>
      </object_component>
      <object_component id="oc-82e">
         <name>.text:spi_Write_CPU</name>
         <load_address>0x20013514</load_address>
         <run_address>0x20013514</run_address>
         <size>0x80</size>
         <input_file_ref idref="fl-16e"/>
      </object_component>
      <object_component id="oc-891">
         <name>.text:PRCMRTCGet</name>
         <load_address>0x20013594</load_address>
         <run_address>0x20013594</run_address>
         <size>0x7c</size>
         <input_file_ref idref="fl-177"/>
      </object_component>
      <object_component id="oc-5a">
         <name>.text</name>
         <load_address>0x20013610</load_address>
         <run_address>0x20013610</run_address>
         <size>0x7a</size>
         <input_file_ref idref="fl-13f"/>
      </object_component>
      <object_component id="oc-473">
         <name>.text:spi_Close</name>
         <load_address>0x2001368c</load_address>
         <run_address>0x2001368c</run_address>
         <size>0x78</size>
         <input_file_ref idref="fl-16e"/>
      </object_component>
      <object_component id="oc-27f">
         <name>.text:UARTConfigSetExpClk</name>
         <load_address>0x20013704</load_address>
         <run_address>0x20013704</run_address>
         <size>0x76</size>
         <input_file_ref idref="fl-17a"/>
      </object_component>
      <object_component id="oc-a57">
         <name>.text:_SlDrvCmdSend</name>
         <load_address>0x2001377c</load_address>
         <run_address>0x2001377c</run_address>
         <size>0x6c</size>
         <input_file_ref idref="fl-169"/>
      </object_component>
      <object_component id="oc-9f5">
         <name>.text:_sl_NetAppSendTokenValue</name>
         <load_address>0x200137e8</load_address>
         <run_address>0x200137e8</run_address>
         <size>0x6c</size>
         <input_file_ref idref="fl-16a"/>
      </object_component>
      <object_component id="oc-6c">
         <name>.text</name>
         <load_address>0x20013854</load_address>
         <run_address>0x20013854</run_address>
         <size>0x6c</size>
         <input_file_ref idref="fl-149"/>
      </object_component>
      <object_component id="oc-773">
         <name>.text:sl_Listen</name>
         <load_address>0x200138c0</load_address>
         <run_address>0x200138c0</run_address>
         <size>0x6c</size>
         <input_file_ref idref="fl-16c"/>
      </object_component>
      <object_component id="oc-4d">
         <name>.text</name>
         <load_address>0x2001392c</load_address>
         <run_address>0x2001392c</run_address>
         <size>0x6a</size>
         <input_file_ref idref="fl-139"/>
      </object_component>
      <object_component id="oc-332">
         <name>.text:TimerIntUnregister</name>
         <load_address>0x20013998</load_address>
         <run_address>0x20013998</run_address>
         <size>0x68</size>
         <input_file_ref idref="fl-179"/>
      </object_component>
      <object_component id="oc-7f6">
         <name>.text</name>
         <load_address>0x20013a00</load_address>
         <run_address>0x20013a00</run_address>
         <size>0x66</size>
         <input_file_ref idref="fl-159"/>
      </object_component>
      <object_component id="oc-a05">
         <name>.text:_sl_HandleAsync_Accept</name>
         <load_address>0x20013a68</load_address>
         <run_address>0x20013a68</run_address>
         <size>0x64</size>
         <input_file_ref idref="fl-16c"/>
      </object_component>
      <object_component id="oc-216">
         <name>.text:sl_NetAppMDNSUnRegisterService</name>
         <load_address>0x20013acc</load_address>
         <run_address>0x20013acc</run_address>
         <size>0x64</size>
         <input_file_ref idref="fl-16a"/>
      </object_component>
      <object_component id="oc-7bd">
         <name>.text:uDMAChannelAttributeDisable</name>
         <load_address>0x20013b30</load_address>
         <run_address>0x20013b30</run_address>
         <size>0x64</size>
         <input_file_ref idref="fl-17b"/>
      </object_component>
      <object_component id="oc-9bc">
         <name>.text:uDMAChannelAttributeEnable</name>
         <load_address>0x20013b94</load_address>
         <run_address>0x20013b94</run_address>
         <size>0x64</size>
         <input_file_ref idref="fl-17b"/>
      </object_component>
      <object_component id="oc-737">
         <name>.text:sl_Close</name>
         <load_address>0x20013bf8</load_address>
         <run_address>0x20013bf8</run_address>
         <size>0x60</size>
         <input_file_ref idref="fl-16c"/>
      </object_component>
      <object_component id="oc-1fe">
         <name>.text:sl_WlanProfileDel</name>
         <load_address>0x20013c58</load_address>
         <run_address>0x20013c58</run_address>
         <size>0x60</size>
         <input_file_ref idref="fl-16d"/>
      </object_component>
      <object_component id="oc-1ec">
         <name>.text:sl_WlanSetMode</name>
         <load_address>0x20013cb8</load_address>
         <run_address>0x20013cb8</run_address>
         <size>0x60</size>
         <input_file_ref idref="fl-16d"/>
      </object_component>
      <object_component id="oc-3b6">
         <name>.text:IntPendClear</name>
         <load_address>0x20013d18</load_address>
         <run_address>0x20013d18</run_address>
         <size>0x58</size>
         <input_file_ref idref="fl-175"/>
      </object_component>
      <object_component id="oc-302">
         <name>.text:PRCMPeripheralReset</name>
         <load_address>0x20013d70</load_address>
         <run_address>0x20013d70</run_address>
         <size>0x58</size>
         <input_file_ref idref="fl-177"/>
      </object_component>
      <object_component id="oc-2b2">
         <name>.text:IntPrioritySet</name>
         <load_address>0x20013dc8</load_address>
         <run_address>0x20013dc8</run_address>
         <size>0x54</size>
         <input_file_ref idref="fl-175"/>
      </object_component>
      <object_component id="oc-a11">
         <name>.text:_sl_HandleAsync_Select</name>
         <load_address>0x20013e1c</load_address>
         <run_address>0x20013e1c</run_address>
         <size>0x54</size>
         <input_file_ref idref="fl-16c"/>
      </object_component>
      <object_component id="oc-6a4">
         <name>.text</name>
         <load_address>0x20013e70</load_address>
         <run_address>0x20013e70</run_address>
         <size>0x54</size>
         <input_file_ref idref="fl-154"/>
      </object_component>
      <object_component id="oc-96f">
         <name>.text:PRCMSlowClkCtrGet</name>
         <load_address>0x20013ec4</load_address>
         <run_address>0x20013ec4</run_address>
         <size>0x50</size>
         <input_file_ref idref="fl-177"/>
      </object_component>
      <object_component id="oc-45d">
         <name>.text:_SlDrvRxIrqHandler</name>
         <load_address>0x20013f14</load_address>
         <run_address>0x20013f14</run_address>
         <size>0x50</size>
         <input_file_ref idref="fl-169"/>
      </object_component>
      <object_component id="oc-a17">
         <name>.text:_sl_HandleAsync_Stop</name>
         <load_address>0x20013f64</load_address>
         <run_address>0x20013f64</run_address>
         <size>0x50</size>
         <input_file_ref idref="fl-168"/>
      </object_component>
      <object_component id="oc-60b">
         <name>.text:SPIIntEnable</name>
         <load_address>0x20013fb4</load_address>
         <run_address>0x20013fb4</run_address>
         <size>0x4c</size>
         <input_file_ref idref="fl-178"/>
      </object_component>
      <object_component id="oc-433">
         <name>.text:_SlDrvProtectAsyncRespSetting</name>
         <load_address>0x20014000</load_address>
         <run_address>0x20014000</run_address>
         <size>0x4c</size>
         <input_file_ref idref="fl-169"/>
      </object_component>
      <object_component id="oc-87c">
         <name>.text:_sl_BuildAddress</name>
         <load_address>0x2001404c</load_address>
         <run_address>0x2001404c</run_address>
         <size>0x4c</size>
         <input_file_ref idref="fl-16c"/>
      </object_component>
      <object_component id="oc-6cc">
         <name>.text</name>
         <load_address>0x20014098</load_address>
         <run_address>0x20014098</run_address>
         <size>0x4c</size>
         <input_file_ref idref="fl-148"/>
      </object_component>
      <object_component id="oc-bb">
         <name>.text</name>
         <load_address>0x200140e4</load_address>
         <run_address>0x200140e4</run_address>
         <size>0x4c</size>
         <input_file_ref idref="fl-14a"/>
      </object_component>
      <object_component id="oc-7b7">
         <name>.text:uDMAChannelAssign</name>
         <load_address>0x20014130</load_address>
         <run_address>0x20014130</run_address>
         <size>0x4c</size>
         <input_file_ref idref="fl-17b"/>
      </object_component>
      <object_component id="oc-7d8">
         <name>.text:SPIIntClear</name>
         <load_address>0x2001417c</load_address>
         <run_address>0x2001417c</run_address>
         <size>0x48</size>
         <input_file_ref idref="fl-178"/>
      </object_component>
      <object_component id="oc-48b">
         <name>.text:_SlDrvBasicCmd</name>
         <load_address>0x200141c4</load_address>
         <run_address>0x200141c4</run_address>
         <size>0x48</size>
         <input_file_ref idref="fl-169"/>
      </object_component>
      <object_component id="oc-69f">
         <name>.text</name>
         <load_address>0x2001420c</load_address>
         <run_address>0x2001420c</run_address>
         <size>0x48</size>
         <input_file_ref idref="fl-150"/>
      </object_component>
      <object_component id="oc-6ba">
         <name>.text</name>
         <load_address>0x20014254</load_address>
         <run_address>0x20014254</run_address>
         <size>0x46</size>
         <input_file_ref idref="fl-153"/>
      </object_component>
      <object_component id="oc-7c7">
         <name>.text:SPIDmaMaskGet</name>
         <load_address>0x2001429c</load_address>
         <run_address>0x2001429c</run_address>
         <size>0x44</size>
         <input_file_ref idref="fl-178"/>
      </object_component>
      <object_component id="oc-308">
         <name>.text:TimerConfigure</name>
         <load_address>0x200142e0</load_address>
         <run_address>0x200142e0</run_address>
         <size>0x44</size>
         <input_file_ref idref="fl-179"/>
      </object_component>
      <object_component id="oc-8ff">
         <name>.text:cc_SetupTransfer</name>
         <load_address>0x20014324</load_address>
         <run_address>0x20014324</run_address>
         <size>0x44</size>
         <input_file_ref idref="fl-16e"/>
      </object_component>
      <object_component id="oc-78">
         <name>.text</name>
         <load_address>0x20014368</load_address>
         <run_address>0x20014368</run_address>
         <size>0x44</size>
         <input_file_ref idref="fl-13b"/>
      </object_component>
      <object_component id="oc-755">
         <name>.text:sl_Htonl</name>
         <load_address>0x200143ac</load_address>
         <run_address>0x200143ac</run_address>
         <size>0x42</size>
         <input_file_ref idref="fl-16c"/>
      </object_component>
      <object_component id="oc-5c3">
         <name>.text:PinModeSet</name>
         <load_address>0x200143f0</load_address>
         <run_address>0x200143f0</run_address>
         <size>0x40</size>
         <input_file_ref idref="fl-176"/>
      </object_component>
      <object_component id="oc-44b">
         <name>.text:_SlDrvSyncObjWaitTimeout</name>
         <load_address>0x20014430</load_address>
         <run_address>0x20014430</run_address>
         <size>0x40</size>
         <input_file_ref idref="fl-169"/>
      </object_component>
      <object_component id="oc-898">
         <name>.text:_sl_TruncatePayloadByProtocol</name>
         <load_address>0x20014470</load_address>
         <run_address>0x20014470</run_address>
         <size>0x40</size>
         <input_file_ref idref="fl-16c"/>
      </object_component>
      <object_component id="oc-a30">
         <name>.text</name>
         <load_address>0x200144b0</load_address>
         <run_address>0x200144b0</run_address>
         <size>0x40</size>
         <input_file_ref idref="fl-15f"/>
      </object_component>
      <object_component id="oc-743">
         <name>.text</name>
         <load_address>0x200144f0</load_address>
         <run_address>0x200144f0</run_address>
         <size>0x40</size>
         <input_file_ref idref="fl-180"/>
      </object_component>
      <object_component id="oc-9fc">
         <name>.text:CopyPingResultsToReport</name>
         <load_address>0x20014530</load_address>
         <run_address>0x20014530</run_address>
         <size>0x3c</size>
         <input_file_ref idref="fl-16a"/>
      </object_component>
      <object_component id="oc-2fc">
         <name>.text:PRCMPeripheralClkEnable</name>
         <load_address>0x2001456c</load_address>
         <run_address>0x2001456c</run_address>
         <size>0x3c</size>
         <input_file_ref idref="fl-177"/>
      </object_component>
      <object_component id="oc-24">
         <name>.text</name>
         <load_address>0x200145a8</load_address>
         <run_address>0x200145a8</run_address>
         <size>0x3c</size>
         <input_file_ref idref="fl-137"/>
      </object_component>
      <object_component id="oc-a46">
         <name>.text:simplelink_timerA2_start</name>
         <load_address>0x200145e4</load_address>
         <run_address>0x200145e4</run_address>
         <size>0x3c</size>
         <input_file_ref idref="fl-16e"/>
      </object_component>
      <object_component id="oc-749">
         <name>.text:sl_Htons</name>
         <load_address>0x20014620</load_address>
         <run_address>0x20014620</run_address>
         <size>0x3c</size>
         <input_file_ref idref="fl-16c"/>
      </object_component>
      <object_component id="oc-9b6">
         <name>.text:uDMAChannelControlSet</name>
         <load_address>0x2001465c</load_address>
         <run_address>0x2001465c</run_address>
         <size>0x3c</size>
         <input_file_ref idref="fl-17b"/>
      </object_component>
      <object_component id="oc-439">
         <name>.text:NwpPowerOff</name>
         <load_address>0x20014698</load_address>
         <run_address>0x20014698</run_address>
         <size>0x38</size>
         <input_file_ref idref="fl-16e"/>
      </object_component>
      <object_component id="oc-f8">
         <name>.text</name>
         <load_address>0x200146d0</load_address>
         <run_address>0x200146d0</run_address>
         <size>0x38</size>
         <input_file_ref idref="fl-166"/>
      </object_component>
      <object_component id="oc-204">
         <name>.text:sl_WlanDisconnect</name>
         <load_address>0x20014708</load_address>
         <run_address>0x20014708</run_address>
         <size>0x38</size>
         <input_file_ref idref="fl-16d"/>
      </object_component>
      <object_component id="oc-3fe">
         <name>.text:GPIODirModeSet</name>
         <load_address>0x20014740</load_address>
         <run_address>0x20014740</run_address>
         <size>0x36</size>
         <input_file_ref idref="fl-174"/>
      </object_component>
      <object_component id="oc-5ed">
         <name>.text:PRCMPeripheralStatusGet</name>
         <load_address>0x20014778</load_address>
         <run_address>0x20014778</run_address>
         <size>0x34</size>
         <input_file_ref idref="fl-177"/>
      </object_component>
      <object_component id="oc-605">
         <name>.text:SPIFIFOLevelSet</name>
         <load_address>0x200147ac</load_address>
         <run_address>0x200147ac</run_address>
         <size>0x34</size>
         <input_file_ref idref="fl-178"/>
      </object_component>
      <object_component id="oc-8ea">
         <name>.text</name>
         <load_address>0x200147e0</load_address>
         <run_address>0x200147e0</run_address>
         <size>0x34</size>
         <input_file_ref idref="fl-15d"/>
      </object_component>
      <object_component id="oc-3f8">
         <name>.text:PinTypeGPIO</name>
         <load_address>0x20014814</load_address>
         <run_address>0x20014814</run_address>
         <size>0x30</size>
         <input_file_ref idref="fl-176"/>
      </object_component>
      <object_component id="oc-4e2">
         <name>.text:UARTDisable</name>
         <load_address>0x20014844</load_address>
         <run_address>0x20014844</run_address>
         <size>0x30</size>
         <input_file_ref idref="fl-17a"/>
      </object_component>
      <object_component id="oc-12b">
         <name>.text</name>
         <load_address>0x20014874</load_address>
         <run_address>0x20014874</run_address>
         <size>0x30</size>
         <input_file_ref idref="fl-143"/>
      </object_component>
      <object_component id="oc-804">
         <name>.text</name>
         <load_address>0x200148a4</load_address>
         <run_address>0x200148a4</run_address>
         <size>0x30</size>
         <input_file_ref idref="fl-15a"/>
      </object_component>
      <object_component id="oc-6aa">
         <name>.text</name>
         <load_address>0x200148d4</load_address>
         <run_address>0x200148d4</run_address>
         <size>0x2e</size>
         <input_file_ref idref="fl-152"/>
      </object_component>
      <object_component id="oc-9a8">
         <name>.text</name>
         <load_address>0x20014902</load_address>
         <run_address>0x20014902</run_address>
         <size>0x2e</size>
         <input_file_ref idref="fl-15e"/>
      </object_component>
      <object_component id="oc-61d">
         <name>.text:DmaSpiSwIntHandler</name>
         <load_address>0x20014930</load_address>
         <run_address>0x20014930</run_address>
         <size>0x2c</size>
         <input_file_ref idref="fl-16e"/>
      </object_component>
      <object_component id="oc-445">
         <name>.text:NwpPowerOn</name>
         <load_address>0x2001495c</load_address>
         <run_address>0x2001495c</run_address>
         <size>0x2c</size>
         <input_file_ref idref="fl-16e"/>
      </object_component>
      <object_component id="oc-34c">
         <name>.text:PRCMSysResetCauseGet</name>
         <load_address>0x20014988</load_address>
         <run_address>0x20014988</run_address>
         <size>0x2c</size>
         <input_file_ref idref="fl-177"/>
      </object_component>
      <object_component id="oc-31a">
         <name>.text:TimerLoadSet</name>
         <load_address>0x200149b4</load_address>
         <run_address>0x200149b4</run_address>
         <size>0x2a</size>
         <input_file_ref idref="fl-179"/>
      </object_component>
      <object_component id="oc-30e">
         <name>.text:TimerPrescaleSet</name>
         <load_address>0x200149de</load_address>
         <run_address>0x200149de</run_address>
         <size>0x2a</size>
         <input_file_ref idref="fl-179"/>
      </object_component>
      <object_component id="oc-86a">
         <name>.text</name>
         <load_address>0x20014a08</load_address>
         <run_address>0x20014a08</run_address>
         <size>0x2a</size>
         <input_file_ref idref="fl-182"/>
      </object_component>
      <object_component id="oc-95d">
         <name>.text:IsRTCUsed</name>
         <load_address>0x20014a34</load_address>
         <run_address>0x20014a34</run_address>
         <size>0x28</size>
         <input_file_ref idref="fl-177"/>
      </object_component>
      <object_component id="oc-35e">
         <name>.text:PRCMPeripheralClkDisable</name>
         <load_address>0x20014a5c</load_address>
         <run_address>0x20014a5c</run_address>
         <size>0x28</size>
         <input_file_ref idref="fl-177"/>
      </object_component>
      <object_component id="oc-78b">
         <name>.text:SL_FD_ISSET</name>
         <load_address>0x20014a84</load_address>
         <run_address>0x20014a84</run_address>
         <size>0x28</size>
         <input_file_ref idref="fl-16c"/>
      </object_component>
      <object_component id="oc-53f">
         <name>.text:_SlDrvObjGlobalLockWaitForever</name>
         <load_address>0x20014aac</load_address>
         <run_address>0x20014aac</run_address>
         <size>0x28</size>
         <input_file_ref idref="fl-169"/>
      </object_component>
      <object_component id="oc-4c0">
         <name>.text:_SlDrvProtectionObjLockWaitForever</name>
         <load_address>0x20014ad4</load_address>
         <run_address>0x20014ad4</run_address>
         <size>0x28</size>
         <input_file_ref idref="fl-169"/>
      </object_component>
      <object_component id="oc-43f">
         <name>.text:NwpRegisterInterruptHandler</name>
         <load_address>0x20014afc</load_address>
         <run_address>0x20014afc</run_address>
         <size>0x26</size>
         <input_file_ref idref="fl-16e"/>
      </object_component>
      <object_component id="oc-2be">
         <name>.text:IntUnregister</name>
         <load_address>0x20014b24</load_address>
         <run_address>0x20014b24</run_address>
         <size>0x24</size>
         <input_file_ref idref="fl-175"/>
      </object_component>
      <object_component id="oc-969">
         <name>.text:RTCU16MSecRegRead</name>
         <load_address>0x20014b48</load_address>
         <run_address>0x20014b48</run_address>
         <size>0x24</size>
         <input_file_ref idref="fl-177"/>
      </object_component>
      <object_component id="oc-956">
         <name>.text:RTCUseSet</name>
         <load_address>0x20014b6c</load_address>
         <run_address>0x20014b6c</run_address>
         <size>0x24</size>
         <input_file_ref idref="fl-177"/>
      </object_component>
      <object_component id="oc-4e8">
         <name>.text:UARTEnable</name>
         <load_address>0x20014b90</load_address>
         <run_address>0x20014b90</run_address>
         <size>0x24</size>
         <input_file_ref idref="fl-17a"/>
      </object_component>
      <object_component id="oc-545">
         <name>.text:_SlDrvGlobalObjUnLock</name>
         <load_address>0x20014bb4</load_address>
         <run_address>0x20014bb4</run_address>
         <size>0x24</size>
         <input_file_ref idref="fl-169"/>
      </object_component>
      <object_component id="oc-4c6">
         <name>.text:_SlDrvProtectionObjUnLock</name>
         <load_address>0x20014bd8</load_address>
         <run_address>0x20014bd8</run_address>
         <size>0x24</size>
         <input_file_ref idref="fl-169"/>
      </object_component>
      <object_component id="oc-4cc">
         <name>.text:_SlDrvSyncObjWaitForever</name>
         <load_address>0x20014bfc</load_address>
         <run_address>0x20014bfc</run_address>
         <size>0x24</size>
         <input_file_ref idref="fl-169"/>
      </object_component>
      <object_component id="oc-29d">
         <name>.text</name>
         <load_address>0x20014c20</load_address>
         <run_address>0x20014c20</run_address>
         <size>0x24</size>
         <input_file_ref idref="fl-13d"/>
      </object_component>
      <object_component id="oc-870">
         <name>.text</name>
         <load_address>0x20014c44</load_address>
         <run_address>0x20014c44</run_address>
         <size>0x24</size>
         <input_file_ref idref="fl-181"/>
      </object_component>
      <object_component id="oc-3b0">
         <name>.text:GPIOIntStatus</name>
         <load_address>0x20014c68</load_address>
         <run_address>0x20014c68</run_address>
         <size>0x22</size>
         <input_file_ref idref="fl-174"/>
      </object_component>
      <object_component id="oc-77f">
         <name>.text:SL_FD_SET</name>
         <load_address>0x20014c8a</load_address>
         <run_address>0x20014c8a</run_address>
         <size>0x22</size>
         <input_file_ref idref="fl-16c"/>
      </object_component>
      <object_component id="oc-5e1">
         <name>.text:SPIReset</name>
         <load_address>0x20014cac</load_address>
         <run_address>0x20014cac</run_address>
         <size>0x22</size>
         <input_file_ref idref="fl-178"/>
      </object_component>
      <object_component id="oc-828">
         <name>.text:SPIWordCountSet</name>
         <load_address>0x20014cce</load_address>
         <run_address>0x20014cce</run_address>
         <size>0x22</size>
         <input_file_ref idref="fl-178"/>
      </object_component>
      <object_component id="oc-97a">
         <name>.text:_SlDrvObjLockWaitForever</name>
         <load_address>0x20014cf0</load_address>
         <run_address>0x20014cf0</run_address>
         <size>0x22</size>
         <input_file_ref idref="fl-169"/>
      </object_component>
      <object_component id="oc-6b4">
         <name>.text</name>
         <load_address>0x20014d12</load_address>
         <run_address>0x20014d12</run_address>
         <size>0x22</size>
         <input_file_ref idref="fl-151"/>
      </object_component>
      <object_component id="oc-2e0">
         <name>.text:GPIOPinWrite</name>
         <load_address>0x20014d34</load_address>
         <run_address>0x20014d34</run_address>
         <size>0x20</size>
         <input_file_ref idref="fl-174"/>
      </object_component>
      <object_component id="oc-2ac">
         <name>.text:IntRegister</name>
         <load_address>0x20014d54</load_address>
         <run_address>0x20014d54</run_address>
         <size>0x20</size>
         <input_file_ref idref="fl-175"/>
      </object_component>
      <object_component id="oc-46d">
         <name>.text:NwpPrePowerOffTimout0</name>
         <load_address>0x20014d74</load_address>
         <run_address>0x20014d74</run_address>
         <size>0x20</size>
         <input_file_ref idref="fl-16e"/>
      </object_component>
      <object_component id="oc-9cf">
         <name>.text:TimerGetCurrentTimestamp</name>
         <load_address>0x20014d94</load_address>
         <run_address>0x20014d94</run_address>
         <size>0x20</size>
         <input_file_ref idref="fl-16e"/>
      </object_component>
      <object_component id="oc-761">
         <name>.text</name>
         <load_address>0x20014db4</load_address>
         <run_address>0x20014db4</run_address>
         <size>0x20</size>
         <input_file_ref idref="fl-173"/>
      </object_component>
      <object_component id="oc-326">
         <name>.text:TimerDisable</name>
         <load_address>0x20014dd4</load_address>
         <run_address>0x20014dd4</run_address>
         <size>0x1e</size>
         <input_file_ref idref="fl-179"/>
      </object_component>
      <object_component id="oc-320">
         <name>.text:TimerEnable</name>
         <load_address>0x20014df2</load_address>
         <run_address>0x20014df2</run_address>
         <size>0x1e</size>
         <input_file_ref idref="fl-179"/>
      </object_component>
      <object_component id="oc-143">
         <name>.text:TimerIntStatus</name>
         <load_address>0x20014e10</load_address>
         <run_address>0x20014e10</run_address>
         <size>0x1e</size>
         <input_file_ref idref="fl-179"/>
      </object_component>
      <object_component id="oc-285">
         <name>.text:UARTCharPut</name>
         <load_address>0x20014e2e</load_address>
         <run_address>0x20014e2e</run_address>
         <size>0x1e</size>
         <input_file_ref idref="fl-17a"/>
      </object_component>
      <object_component id="oc-980">
         <name>.text:_SlDrvObjUnLock</name>
         <load_address>0x20014e4c</load_address>
         <run_address>0x20014e4c</run_address>
         <size>0x1e</size>
         <input_file_ref idref="fl-169"/>
      </object_component>
      <object_component id="oc-642">
         <name>.text:_SlDrvSyncObjSignal</name>
         <load_address>0x20014e6a</load_address>
         <run_address>0x20014e6a</run_address>
         <size>0x1e</size>
         <input_file_ref idref="fl-169"/>
      </object_component>
      <object_component id="oc-5f3">
         <name>.text:cc_UDMAChannelSelect</name>
         <load_address>0x20014e88</load_address>
         <run_address>0x20014e88</run_address>
         <size>0x1e</size>
         <input_file_ref idref="fl-16e"/>
      </object_component>
      <object_component id="oc-338">
         <name>.text:TimerValueGet</name>
         <load_address>0x20014ea6</load_address>
         <run_address>0x20014ea6</run_address>
         <size>0x1c</size>
         <input_file_ref idref="fl-179"/>
      </object_component>
      <object_component id="oc-297">
         <name>.text:UARTCharGetNonBlocking</name>
         <load_address>0x20014ec2</load_address>
         <run_address>0x20014ec2</run_address>
         <size>0x1c</size>
         <input_file_ref idref="fl-17a"/>
      </object_component>
      <object_component id="oc-909">
         <name>.text:_SlDrvStartMeasureTimeout</name>
         <load_address>0x20014ede</load_address>
         <run_address>0x20014ede</run_address>
         <size>0x1c</size>
         <input_file_ref idref="fl-169"/>
      </object_component>
      <object_component id="oc-6c6">
         <name>.text</name>
         <load_address>0x20014efa</load_address>
         <run_address>0x20014efa</run_address>
         <size>0x1c</size>
         <input_file_ref idref="fl-155"/>
      </object_component>
      <object_component id="oc-9c8">
         <name>.text:uDMAChannelEnable</name>
         <load_address>0x20014f18</load_address>
         <run_address>0x20014f18</run_address>
         <size>0x1c</size>
         <input_file_ref idref="fl-17b"/>
      </object_component>
      <object_component id="oc-3bc">
         <name>.text:GPIOIntDisable</name>
         <load_address>0x20014f34</load_address>
         <run_address>0x20014f34</run_address>
         <size>0x1a</size>
         <input_file_ref idref="fl-174"/>
      </object_component>
      <object_component id="oc-2da">
         <name>.text:GPIOIntEnable</name>
         <load_address>0x20014f4e</load_address>
         <run_address>0x20014f4e</run_address>
         <size>0x1a</size>
         <input_file_ref idref="fl-174"/>
      </object_component>
      <object_component id="oc-404">
         <name>.text:PinTypeUART</name>
         <load_address>0x20014f68</load_address>
         <run_address>0x20014f68</run_address>
         <size>0x1a</size>
         <input_file_ref idref="fl-176"/>
      </object_component>
      <object_component id="oc-65d">
         <name>.text:SPIDmaDisable</name>
         <load_address>0x20014f82</load_address>
         <run_address>0x20014f82</run_address>
         <size>0x1a</size>
         <input_file_ref idref="fl-178"/>
      </object_component>
      <object_component id="oc-5ff">
         <name>.text:SPIDmaEnable</name>
         <load_address>0x20014f9c</load_address>
         <run_address>0x20014f9c</run_address>
         <size>0x1a</size>
         <input_file_ref idref="fl-178"/>
      </object_component>
      <object_component id="oc-657">
         <name>.text:SPIFIFODisable</name>
         <load_address>0x20014fb6</load_address>
         <run_address>0x20014fb6</run_address>
         <size>0x1a</size>
         <input_file_ref idref="fl-178"/>
      </object_component>
      <object_component id="oc-5f9">
         <name>.text:SPIFIFOEnable</name>
         <load_address>0x20014fd0</load_address>
         <run_address>0x20014fd0</run_address>
         <size>0x1a</size>
         <input_file_ref idref="fl-178"/>
      </object_component>
      <object_component id="oc-2e6">
         <name>.text:GPIOPinRead</name>
         <load_address>0x20014fea</load_address>
         <run_address>0x20014fea</run_address>
         <size>0x18</size>
         <input_file_ref idref="fl-174"/>
      </object_component>
      <object_component id="oc-5d5">
         <name>.text:SPICSDisable</name>
         <load_address>0x20015002</load_address>
         <run_address>0x20015002</run_address>
         <size>0x18</size>
         <input_file_ref idref="fl-178"/>
      </object_component>
      <object_component id="oc-822">
         <name>.text:SPICSEnable</name>
         <load_address>0x2001501a</load_address>
         <run_address>0x2001501a</run_address>
         <size>0x18</size>
         <input_file_ref idref="fl-178"/>
      </object_component>
      <object_component id="oc-5db">
         <name>.text:SPIDisable</name>
         <load_address>0x20015032</load_address>
         <run_address>0x20015032</run_address>
         <size>0x18</size>
         <input_file_ref idref="fl-178"/>
      </object_component>
      <object_component id="oc-611">
         <name>.text:SPIEnable</name>
         <load_address>0x2001504a</load_address>
         <run_address>0x2001504a</run_address>
         <size>0x18</size>
[...]
         <value>0x20006701</value>
         <object_component_ref idref="oc-3ca"/>
      </symbol>
      <symbol id="sm-1969">
         <name>mqtt_client_ctx_run</name>
         <value>0x20006157</value>
         <object_component_ref idref="oc-3ca"/>
      </symbol>
      <symbol id="sm-196a">
         <name>mqtt_client_ctx_will_register</name>
         <value>0x200065fd</value>
         <object_component_ref idref="oc-3ca"/>
      </symbol>
      <symbol id="sm-196b">
         <name>mqtt_connect_msg_send</name>
         <value>0x2000504d</value>
         <object_component_ref idref="oc-3ca"/>
      </symbol>
      <symbol id="sm-196c">
         <name>mqtt_sub_dispatch</name>
         <value>0x2000547f</value>
         <object_component_ref idref="oc-3ca"/>
      </symbol>
      <symbol id="sm-196d">
         <name>mqtt_client_is_connected</name>
         <value>0x20004a41</value>
         <object_component_ref idref="oc-3ca"/>
      </symbol>
      <symbol id="sm-196e">
         <name>mqtt_pingreq_send</name>
         <value>0x20005565</value>
         <object_component_ref idref="oc-3ca"/>
      </symbol>
      <symbol id="sm-196f">
         <name>mqtt_client_ctx_create</name>
         <value>0x20006819</value>
         <object_component_ref idref="oc-3ca"/>
      </symbol>
      <symbol id="sm-1970">
         <name>mqtt_sub_msg_send</name>
         <value>0x20005469</value>
         <object_component_ref idref="oc-3ca"/>
      </symbol>
      <symbol id="sm-1971">
         <name>mqtt_client_new_msg_id</name>
         <value>0x20004a39</value>
         <object_component_ref idref="oc-3ca"/>
      </symbol>
      <symbol id="sm-1972">
         <name>mqtt_client_run</name>
         <value>0x20006469</value>
         <object_component_ref idref="oc-3ca"/>
      </symbol>
      <symbol id="sm-1973">
         <name>mqtt_client_lib_exit</name>
         <value>0x200069fd</value>
         <object_component_ref idref="oc-3ca"/>
      </symbol>
      <symbol id="sm-1974">
         <name>mqtt_client_buffers_register</name>
         <value>0x20006577</value>
         <object_component_ref idref="oc-3ca"/>
      </symbol>
      <symbol id="sm-19f8">
         <name>mqp_free</name>
         <value>0x2000c3b7</value>
         <object_component_ref idref="oc-57e"/>
      </symbol>
      <symbol id="sm-19f9">
         <name>qos2_pub_cq_unlog</name>
         <value>0x2000cb0f</value>
         <object_component_ref idref="oc-57e"/>
      </symbol>
      <symbol id="sm-19fa">
         <name>mqp_ack_wlist_append</name>
         <value>0x2000c7b5</value>
         <object_component_ref idref="oc-57e"/>
      </symbol>
      <symbol id="sm-19fb">
         <name>cl_ctx_remove</name>
         <value>0x2000cc63</value>
         <object_component_ref idref="oc-57e"/>
      </symbol>
      <symbol id="sm-19fc">
         <name>mqp_init</name>
         <value>0x2000c403</value>
         <object_component_ref idref="oc-57e"/>
      </symbol>
      <symbol id="sm-19fd">
         <name>mqp_pub_append_data</name>
         <value>0x2000c601</value>
         <object_component_ref idref="oc-57e"/>
      </symbol>
      <symbol id="sm-19fe">
         <name>secure_conn_struct_init</name>
         <value>0x2000c88d</value>
         <object_component_ref idref="oc-57e"/>
      </symbol>
      <symbol id="sm-19ff">
         <name>mqp_ack_wlist_remove</name>
         <value>0x2000c7eb</value>
         <object_component_ref idref="oc-57e"/>
      </symbol>
      <symbol id="sm-1a00">
         <name>mqp_buf_wr_utf8</name>
         <value>0x2000c45d</value>
         <object_component_ref idref="oc-57e"/>
      </symbol>
      <symbol id="sm-1a01">
         <name>qos2_pub_cq_reset</name>
         <value>0x2000caaf</value>
         <object_component_ref idref="oc-57e"/>
      </symbol>
      <symbol id="sm-1a02">
         <name>cl_ctx_timeout_insert</name>
         <value>0x2000cbf3</value>
         <object_component_ref idref="oc-57e"/>
      </symbol>
      <symbol id="sm-1a03">
         <name>mqp_buf_rd_remlen</name>
         <value>0x2000c53f</value>
         <object_component_ref idref="oc-57e"/>
      </symbol>
      <symbol id="sm-1a04">
         <name>mqp_prep_fh</name>
         <value>0x2000c8b9</value>
         <object_component_ref idref="oc-57e"/>
      </symbol>
      <symbol id="sm-1a05">
         <name>mqp_reset</name>
         <value>0x2000c3f7</value>
         <object_component_ref idref="oc-57e"/>
      </symbol>
      <symbol id="sm-1a06">
         <name>mqp_ack_wlist_purge</name>
         <value>0x2000c85b</value>
         <object_component_ref idref="oc-57e"/>
      </symbol>
      <symbol id="sm-1a07">
         <name>mqp_buf_tail_wr_remlen</name>
         <value>0x2000c4cf</value>
         <object_component_ref idref="oc-57e"/>
      </symbol>
      <symbol id="sm-1a08">
         <name>mqp_proc_pub_rx</name>
         <value>0x2000c713</value>
         <object_component_ref idref="oc-57e"/>
      </symbol>
      <symbol id="sm-1a09">
         <name>mqp_recv</name>
         <value>0x2000c92f</value>
         <object_component_ref idref="oc-57e"/>
      </symbol>
      <symbol id="sm-1a0a">
         <name>cl_ctx_timeout_update</name>
         <value>0x2000ccb9</value>
         <object_component_ref idref="oc-57e"/>
      </symbol>
      <symbol id="sm-1a0b">
         <name>mqp_pub_append_topic</name>
         <value>0x2000c54f</value>
         <object_component_ref idref="oc-57e"/>
      </symbol>
      <symbol id="sm-1a0c">
         <name>mqp_proc_msg_id_ack_rx</name>
         <value>0x2000c6dd</value>
         <object_component_ref idref="oc-57e"/>
      </symbol>
      <symbol id="sm-1a0d">
         <name>mqp_proc_vh_msg_id_rx</name>
         <value>0x2000c6d1</value>
         <object_component_ref idref="oc-57e"/>
      </symbol>
      <symbol id="sm-1a0e">
         <name>qos2_pub_cq_logup</name>
         <value>0x2000cad1</value>
         <object_component_ref idref="oc-57e"/>
      </symbol>
      <symbol id="sm-1a0f">
         <name>cl_ctx_reset</name>
         <value>0x2000cbc3</value>
         <object_component_ref idref="oc-57e"/>
      </symbol>
      <symbol id="sm-1a10">
         <name>qos2_pub_cq_check</name>
         <value>0x2000cb53</value>
         <object_component_ref idref="oc-57e"/>
      </symbol>
      <symbol id="sm-1a1b">
         <name>platform_get_time_in_secs</name>
         <value>0x20014dbd</value>
         <object_component_ref idref="oc-761"/>
      </symbol>
      <symbol id="sm-1a1c">
         <name>platform_timer_init</name>
         <value>0x20014db5</value>
         <object_component_ref idref="oc-761"/>
      </symbol>
      <symbol id="sm-1a68">
         <name>GPIOIntDisable</name>
         <value>0x20014f35</value>
         <object_component_ref idref="oc-3bc"/>
      </symbol>
      <symbol id="sm-1a69">
         <name>GPIOIntEnable</name>
         <value>0x20014f4f</value>
         <object_component_ref idref="oc-2da"/>
      </symbol>
      <symbol id="sm-1a6a">
         <name>GPIOIntTypeSet</name>
         <value>0x20013391</value>
         <object_component_ref idref="oc-2ce"/>
      </symbol>
      <symbol id="sm-1a6b">
         <name>GPIOIntClear</name>
         <value>0x20015149</value>
         <object_component_ref idref="oc-2d4"/>
      </symbol>
      <symbol id="sm-1a6c">
         <name>GPIOIntStatus</name>
         <value>0x20014c69</value>
         <object_component_ref idref="oc-3b0"/>
      </symbol>
      <symbol id="sm-1a6d">
         <name>GPIOPinRead</name>
         <value>0x20014feb</value>
         <object_component_ref idref="oc-2e6"/>
      </symbol>
      <symbol id="sm-1a6e">
         <name>GPIODirModeSet</name>
         <value>0x20014741</value>
         <object_component_ref idref="oc-3fe"/>
      </symbol>
      <symbol id="sm-1a6f">
         <name>GPIOPinWrite</name>
         <value>0x20014d35</value>
         <object_component_ref idref="oc-2e0"/>
      </symbol>
      <symbol id="sm-1af5">
         <name>IntPendClear</name>
         <value>0x20013d19</value>
         <object_component_ref idref="oc-3b6"/>
      </symbol>
      <symbol id="sm-1af6">
         <name>IntPrioritySet</name>
         <value>0x20013dc9</value>
         <object_component_ref idref="oc-2b2"/>
      </symbol>
      <symbol id="sm-1af7">
         <name>IntVTableBaseSet</name>
         <value>0x2001515d</value>
         <object_component_ref idref="oc-155"/>
      </symbol>
      <symbol id="sm-1af8">
         <name>IntEnable</name>
         <value>0x200124ad</value>
         <object_component_ref idref="oc-161"/>
      </symbol>
      <symbol id="sm-1af9">
         <name>IntDisable</name>
         <value>0x20012405</value>
         <object_component_ref idref="oc-2b8"/>
      </symbol>
      <symbol id="sm-1afa">
         <name>IntRegister</name>
         <value>0x20014d55</value>
         <object_component_ref idref="oc-2ac"/>
      </symbol>
      <symbol id="sm-1afb">
         <name>IntUnregister</name>
         <value>0x20014b25</value>
         <object_component_ref idref="oc-2be"/>
      </symbol>
      <symbol id="sm-1afc">
         <name>IntMasterEnable</name>
         <value>0x20015241</value>
         <object_component_ref idref="oc-15b"/>
      </symbol>
      <symbol id="sm-1b33">
         <name>PinTypeUART</name>
         <value>0x20014f69</value>
         <object_component_ref idref="oc-404"/>
      </symbol>
      <symbol id="sm-1b34">
         <name>PinTypeGPIO</name>
         <value>0x20014815</value>
         <object_component_ref idref="oc-3f8"/>
      </symbol>
      <symbol id="sm-1b35">
         <name>PinConfigSet</name>
         <value>0x200130f1</value>
         <object_component_ref idref="oc-5bd"/>
      </symbol>
      <symbol id="sm-1b36">
         <name>PinModeSet</name>
         <value>0x200143f1</value>
         <object_component_ref idref="oc-5c3"/>
      </symbol>
      <symbol id="sm-1c14">
         <name>PRCMSlowClkCtrGet</name>
         <value>0x20013ec5</value>
         <object_component_ref idref="oc-96f"/>
      </symbol>
      <symbol id="sm-1c15">
         <name>PRCMPeripheralReset</name>
         <value>0x20013d71</value>
         <object_component_ref idref="oc-302"/>
      </symbol>
      <symbol id="sm-1c16">
         <name>PRCMRTCInUseSet</name>
         <value>0x2001524b</value>
         <object_component_ref idref="oc-88b"/>
      </symbol>
      <symbol id="sm-1c17">
         <name>PRCMPeripheralClkEnable</name>
         <value>0x2001456d</value>
         <object_component_ref idref="oc-2fc"/>
      </symbol>
      <symbol id="sm-1c18">
         <name>PRCMPeripheralClockGet</name>
         <value>0x20012b65</value>
         <object_component_ref idref="oc-279"/>
      </symbol>
      <symbol id="sm-1c19">
         <name>PRCMCC3200MCUInit</name>
         <value>0x2001007d</value>
         <object_component_ref idref="oc-167"/>
      </symbol>
      <symbol id="sm-1c1a">
         <name>PRCMHIBRegWrite</name>
         <value>0x200150f3</value>
         <object_component_ref idref="oc-358"/>
      </symbol>
      <symbol id="sm-1c1b">
         <name>PRCMSysResetCauseGet</name>
         <value>0x20014989</value>
         <object_component_ref idref="oc-34c"/>
      </symbol>
      <symbol id="sm-1c1c">
         <name>PRCMRTCGet</name>
         <value>0x20013595</value>
         <object_component_ref idref="oc-891"/>
      </symbol>
      <symbol id="sm-1c1d">
         <name>PRCMPeripheralStatusGet</name>
         <value>0x20014779</value>
         <object_component_ref idref="oc-5ed"/>
      </symbol>
      <symbol id="sm-1c1e">
         <name>PRCMPeripheralClkDisable</name>
         <value>0x20014a5d</value>
         <object_component_ref idref="oc-35e"/>
      </symbol>
      <symbol id="sm-1c1f">
         <name>PRCMHIBRegRead</name>
         <value>0x200150dd</value>
         <object_component_ref idref="oc-352"/>
      </symbol>
      <symbol id="sm-1cbb">
         <name>SPIFIFODisable</name>
         <value>0x20014fb7</value>
         <object_component_ref idref="oc-657"/>
      </symbol>
      <symbol id="sm-1cbc">
         <name>SPICSEnable</name>
         <value>0x2001501b</value>
         <object_component_ref idref="oc-822"/>
      </symbol>
      <symbol id="sm-1cbd">
         <name>SPIDisable</name>
         <value>0x20015033</value>
         <object_component_ref idref="oc-5db"/>
      </symbol>
      <symbol id="sm-1cbe">
         <name>SPIFIFOEnable</name>
         <value>0x20014fd1</value>
         <object_component_ref idref="oc-5f9"/>
      </symbol>
      <symbol id="sm-1cbf">
         <name>SPIWordCountSet</name>
         <value>0x20014ccf</value>
         <object_component_ref idref="oc-828"/>
      </symbol>
      <symbol id="sm-1cc0">
         <name>SPIEnable</name>
         <value>0x2001504b</value>
         <object_component_ref idref="oc-611"/>
      </symbol>
      <symbol id="sm-1cc1">
         <name>SPIDmaEnable</name>
         <value>0x20014f9d</value>
         <object_component_ref idref="oc-5ff"/>
      </symbol>
      <symbol id="sm-1cc2">
         <name>SPIConfigSetExpClk</name>
         <value>0x20012555</value>
         <object_component_ref idref="oc-5e7"/>
      </symbol>
      <symbol id="sm-1cc3">
         <name>SPIFIFOLevelSet</name>
         <value>0x200147ad</value>
         <object_component_ref idref="oc-605"/>
      </symbol>
      <symbol id="sm-1cc4">
         <name>SPIDmaDisable</name>
         <value>0x20014f83</value>
         <object_component_ref idref="oc-65d"/>
      </symbol>
      <symbol id="sm-1cc5">
         <name>SPIReset</name>
         <value>0x20014cad</value>
         <object_component_ref idref="oc-5e1"/>
      </symbol>
      <symbol id="sm-1cc6">
         <name>SPIIntEnable</name>
         <value>0x20013fb5</value>
         <object_component_ref idref="oc-60b"/>
      </symbol>
      <symbol id="sm-1cc7">
         <name>SPIIntClear</name>
         <value>0x2001417d</value>
         <object_component_ref idref="oc-7d8"/>
      </symbol>
      <symbol id="sm-1cc8">
         <name>SPICSDisable</name>
         <value>0x20015003</value>
         <object_component_ref idref="oc-5d5"/>
      </symbol>
      <symbol id="sm-1d37">
         <name>TimerLoadSet</name>
         <value>0x200149b5</value>
         <object_component_ref idref="oc-31a"/>
      </symbol>
      <symbol id="sm-1d38">
         <name>TimerDisable</name>
         <value>0x20014dd5</value>
         <object_component_ref idref="oc-326"/>
      </symbol>
      <symbol id="sm-1d39">
         <name>TimerEnable</name>
         <value>0x20014df3</value>
         <object_component_ref idref="oc-320"/>
      </symbol>
      <symbol id="sm-1d3a">
         <name>TimerIntUnregister</name>
         <value>0x20013999</value>
         <object_component_ref idref="oc-332"/>
      </symbol>
      <symbol id="sm-1d3b">
         <name>TimerIntStatus</name>
         <value>0x20014e11</value>
         <object_component_ref idref="oc-143"/>
      </symbol>
      <symbol id="sm-1d3c">
         <name>TimerIntDisable</name>
         <value>0x20015063</value>
         <object_component_ref idref="oc-32c"/>
      </symbol>
      <symbol id="sm-1d3d">
         <name>TimerValueGet</name>
         <value>0x20014ea7</value>
         <object_component_ref idref="oc-338"/>
      </symbol>
      <symbol id="sm-1d3e">
         <name>TimerPrescaleSet</name>
         <value>0x200149df</value>
         <object_component_ref idref="oc-30e"/>
      </symbol>
      <symbol id="sm-1d3f">
         <name>TimerIntEnable</name>
         <value>0x2001507b</value>
         <object_component_ref idref="oc-314"/>
      </symbol>
      <symbol id="sm-1d40">
         <name>TimerConfigure</name>
         <value>0x200142e1</value>
         <object_component_ref idref="oc-308"/>
      </symbol>
      <symbol id="sm-1d41">
         <name>TimerIntClear</name>
         <value>0x200151ad</value>
         <object_component_ref idref="oc-149"/>
      </symbol>
      <symbol id="sm-1d7d">
         <name>UARTConfigSetExpClk</name>
         <value>0x20013705</value>
         <object_component_ref idref="oc-27f"/>
      </symbol>
      <symbol id="sm-1d7e">
         <name>UARTDisable</name>
         <value>0x20014845</value>
         <object_component_ref idref="oc-4e2"/>
      </symbol>
      <symbol id="sm-1d7f">
         <name>UARTCharsAvail</name>
         <value>0x20015093</value>
         <object_component_ref idref="oc-291"/>
      </symbol>
      <symbol id="sm-1d80">
         <name>UARTCharGetNonBlocking</name>
         <value>0x20014ec3</value>
         <object_component_ref idref="oc-297"/>
      </symbol>
      <symbol id="sm-1d81">
         <name>UARTCharPut</name>
         <value>0x20014e2f</value>
         <object_component_ref idref="oc-285"/>
      </symbol>
      <symbol id="sm-1d82">
         <name>UARTEnable</name>
         <value>0x20014b91</value>
         <object_component_ref idref="oc-4e8"/>
      </symbol>
      <symbol id="sm-1dd9">
         <name>uDMAChannelControlSet</name>
         <value>0x2001465d</value>
         <object_component_ref idref="oc-9b6"/>
      </symbol>
      <symbol id="sm-1dda">
         <name>uDMAChannelAttributeEnable</name>
         <value>0x20013b95</value>
         <object_component_ref idref="oc-9bc"/>
      </symbol>
      <symbol id="sm-1ddb">
         <name>uDMAChannelTransferSet</name>
         <value>0x20011795</value>
         <object_component_ref idref="oc-9c2"/>
      </symbol>
      <symbol id="sm-1ddc">
         <name>uDMAChannelAssign</name>
         <value>0x20014131</value>
         <object_component_ref idref="oc-7b7"/>
      </symbol>
      <symbol id="sm-1ddd">
         <name>uDMAChannelAttributeDisable</name>
         <value>0x20013b31</value>
         <object_component_ref idref="oc-7bd"/>
      </symbol>
      <symbol id="sm-1dde">
         <name>uDMAChannelEnable</name>
         <value>0x20014f19</value>
         <object_component_ref idref="oc-9c8"/>
      </symbol>
      <symbol id="sm-1de2">
         <name>UtilsDelay</name>
         <value>0x20015253</value>
         <object_component_ref idref="oc-17d"/>
      </symbol>
      <symbol id="sm-1dec">
         <name>CPUcpsie</name>
         <value>0x20015135</value>
         <object_component_ref idref="oc-341"/>
      </symbol>
      <symbol id="sm-1dfb">
         <name>strcpy</name>
         <value>0x20015185</value>
         <object_component_ref idref="oc-73d"/>
      </symbol>
      <symbol id="sm-1e13">
         <name>strtok</name>
         <value>0x200144f1</value>
         <object_component_ref idref="oc-743"/>
      </symbol>
      <symbol id="sm-1e24">
         <name>strcspn</name>
         <value>0x20014c45</value>
         <object_component_ref idref="oc-870"/>
      </symbol>
      <symbol id="sm-1e36">
         <name>strspn</name>
         <value>0x20014a09</value>
         <object_component_ref idref="oc-86a"/>
      </symbol>
      <symbol id="sm-1e37">
         <name>__TI_static_base__</name>
         <value>0x200159b8</value>
      </symbol>
      <symbol id="sm-1e3a">
         <name>SHT$$INIT_ARRAY$$Limit</name>
         <value>0x0</value>
      </symbol>
      <symbol id="sm-1e3b">
         <name>SHT$$INIT_ARRAY$$Base</name>
         <value>0x0</value>
      </symbol>
   </symbol_table>
   <title>Link successful</title>
</link_info>
